Component: ARM Compiler 5.06 update 7 (build 960) Tool: armlink [4d3601]

==============================================================================

Section Cross References

    startup.o(RESET) refers to startup.o(STACK) for StackMem
    startup.o(RESET) refers to motor.o(i.SysTick_Handler) for SysTick_Handler
    startup.o(RESET) refers to motor.o(i.GPIOPortE_Handler) for GPIOPortE_Handler
    startup.o(RESET) refers to ultrasonic.o(i.Timer0A_Handler) for Timer0A_Handler
    startup.o(RESET) refers to sw1.o(i.GPIOPortF_Handler) for GPIOPortF_Handler
    startup.o(RESET) refers to entry.o(.ARM.Collect$$$$00000000) for __main
    uart.o(i.UART_InString) refers to uart.o(i.UART_InChar) for UART_InChar
    uart.o(i.UART_InString) refers to uart.o(i.UART_OutChar) for UART_OutChar
    uart.o(i.UART_InUDec) refers to uart.o(i.UART_InChar) for UART_InChar
    uart.o(i.UART_InUDec) refers to uart.o(i.UART_OutChar) for UART_OutChar
    uart.o(i.UART_InUHex) refers to uart.o(i.UART_InChar) for UART_InChar
    uart.o(i.UART_InUHex) refers to uart.o(i.UART_OutChar) for UART_OutChar
    uart.o(i.UART_OutString) refers to uart.o(i.UART_OutChar) for UART_OutChar
    uart.o(i.UART_OutUDec) refers to uart.o(i.UART_OutChar) for UART_OutChar
    uart.o(i.UART_OutUHex) refers to uart.o(i.UART_OutChar) for UART_OutChar
    ioutils.o(i.fgetc) refers to uart.o(i.UART_InChar) for UART_InChar
    ioutils.o(i.fgetc) refers to uart.o(i.UART_OutChar) for UART_OutChar
    ioutils.o(i.fputc) refers to uart.o(i.UART_OutChar) for UART_OutChar
    ultrasonic.o(i.Timer0A_Handler) refers to ultrasonic.o(.data) for triggering
    ultrasonic.o(i.Timer0A_Init) refers to startup.o(.text) for StartCritical
    sw1.o(i.GPIOPortF_Handler) refers to sw1.o(.data) for SW1_Presses
    sw1.o(i.SW1_Ints_On) refers to startup.o(.text) for StartCritical
    motor.o(i.GPIOPortE_Handler) refers to motor.o(.data) for LTC
    motor.o(i.Motor_Drive_ints) refers to motor.o(.data) for DUTY_LEFT
    motor.o(i.SysTick_Handler) refers to motor.o(.data) for MSEC_COUNT
    motor.o(i.SysTick_Uptime) refers to startup.o(.text) for StartCritical
    motor.o(i.SysTick_Uptime) refers to motor.o(.data) for MSEC_COUNT
    robotcommands.o(i.Boogie) refers to robotcommands.o(i.DriveForward) for DriveForward
    robotcommands.o(i.Boogie) refers to robotcommands.o(i.DelayInSeconds) for DelayInSeconds
    robotcommands.o(i.Boogie) refers to robotcommands.o(i.DriveBackwards) for DriveBackwards
    robotcommands.o(i.Boogie) refers to robotcommands.o(i.TurnLeft) for TurnLeft
    robotcommands.o(i.Boogie) refers to robotcommands.o(i.TurnRight) for TurnRight
    robotcommands.o(i.DelayInSeconds) refers to robotcommands.o(.emb_text) for Delay
    robotcommands.o(i.DriveBackwards) refers to motor.o(i.Motor_Drive_ints) for Motor_Drive_ints
    robotcommands.o(i.DriveForward) refers to motor.o(i.Motor_Drive_ints) for Motor_Drive_ints
    robotcommands.o(i.ParseCommand) refers to strlen.o(.text) for strlen
    robotcommands.o(i.ParseCommand) refers to toupper.o(.text) for toupper
    robotcommands.o(i.ParseCommand) refers to strncpy.o(.text) for strncpy
    robotcommands.o(i.ParseCommand) refers to atoi.o(.text) for atoi
    robotcommands.o(i.ParseCommand) refers to robotcommands.o(i.DriveForward) for DriveForward
    robotcommands.o(i.ParseCommand) refers to strcmp.o(.text) for strcmp
    robotcommands.o(i.ParseCommand) refers to robotcommands.o(i.Boogie) for Boogie
    robotcommands.o(i.ParseCommand) refers to robotcommands.o(i.DriveBackwards) for DriveBackwards
    robotcommands.o(i.ParseCommand) refers to robotcommands.o(i.TurnLeft) for TurnLeft
    robotcommands.o(i.ParseCommand) refers to robotcommands.o(i.TurnRight) for TurnRight
    robotcommands.o(i.ReadCommand) refers to _scanf_str.o(.text) for _scanf_string
    robotcommands.o(i.ReadCommand) refers to printf4.o(i.__0printf$4) for __2printf
    robotcommands.o(i.ReadCommand) refers to __0scanf.o(.text) for __0scanf
    robotcommands.o(i.TurnLeft) refers to motor.o(i.Motor_Drive_ints) for Motor_Drive_ints
    robotcommands.o(i.TurnRight) refers to motor.o(i.Motor_Drive_ints) for Motor_Drive_ints
    robotmain.o(i.Init) refers to pll.o(i.PLL_Init) for PLL_Init
    robotmain.o(i.Init) refers to port.o(.text) for PortA_Init
    robotmain.o(i.Init) refers to ultrasonic.o(i.PortB_Init) for PortB_Init
    robotmain.o(i.Init) refers to motor.o(i.PortE_Init) for PortE_Init
    robotmain.o(i.Init) refers to uart.o(i.UART_Init) for UART_Init
    robotmain.o(i.Init) refers to ultrasonic.o(i.Timer0A_Init) for Timer0A_Init
    robotmain.o(i.Init) refers to motor.o(i.SysTick_Init) for SysTick_Init
    robotmain.o(i.Init) refers to sw1.o(i.SW1_Ints_On) for SW1_Ints_On
    robotmain.o(i.Init) refers to startup.o(.text) for EnableInterrupts
    robotmain.o(i.main) refers to robotmain.o(i.Init) for Init
    robotmain.o(i.main) refers to printf4.o(i.__0printf$4) for __2printf
    robotmain.o(i.main) refers to motor.o(i.SysTick_Uptime) for SysTick_Uptime
    robotmain.o(i.main) refers to robotcommands.o(i.ReadCommand) for ReadCommand
    robotmain.o(i.main) refers to robotcommands.o(i.DelayInSeconds) for DelayInSeconds
    robotmain.o(i.main) refers to robotcommands.o(i.ParseCommand) for ParseCommand
    robotmain.o(i.main) refers to sw1.o(.data) for SW1_Presses
    entry.o(.ARM.Collect$$$$00000000) refers (Special) to entry10a.o(.ARM.Collect$$$$0000000F) for __rt_final_cpp
    entry.o(.ARM.Collect$$$$00000000) refers (Special) to entry11a.o(.ARM.Collect$$$$00000011) for __rt_final_exit
    entry.o(.ARM.Collect$$$$00000000) refers (Special) to entry12b.o(.ARM.Collect$$$$0000000E) for __rt_lib_shutdown_fini
    entry.o(.ARM.Collect$$$$00000000) refers (Special) to entry7b.o(.ARM.Collect$$$$00000008) for _main_clock
    entry.o(.ARM.Collect$$$$00000000) refers (Special) to entry8b.o(.ARM.Collect$$$$0000000A) for _main_cpp_init
    entry.o(.ARM.Collect$$$$00000000) refers (Special) to entry9a.o(.ARM.Collect$$$$0000000B) for _main_init
    entry.o(.ARM.Collect$$$$00000000) refers (Special) to entry5.o(.ARM.Collect$$$$00000004) for _main_scatterload
    entry.o(.ARM.Collect$$$$00000000) refers (Special) to entry2.o(.ARM.Collect$$$$00000001) for _main_stk
    printfb.o(i.__0fprintf$bare) refers to printfb.o(i._printf_core) for _printf_core
    printfb.o(i.__0fprintf$bare) refers to ioutils.o(i.fputc) for fputc
    printfb.o(i.__0printf$bare) refers to printfb.o(i._printf_core) for _printf_core
    printfb.o(i.__0printf$bare) refers to ioutils.o(i.fputc) for fputc
    printfb.o(i.__0printf$bare) refers to stdout.o(.data) for __stdout
    printfb.o(i.__0snprintf$bare) refers to printfb.o(i._printf_core) for _printf_core
    printfb.o(i.__0snprintf$bare) refers to printfb.o(i._snputc) for _snputc
    printfb.o(i.__0sprintf$bare) refers to printfb.o(i._printf_core) for _printf_core
    printfb.o(i.__0sprintf$bare) refers to printfb.o(i._sputc) for _sputc
    printfb.o(i.__0vfprintf$bare) refers to printfb.o(i._printf_core) for _printf_core
    printfb.o(i.__0vfprintf$bare) refers to ioutils.o(i.fputc) for fputc
    printfb.o(i.__0vprintf$bare) refers to printfb.o(i._printf_core) for _printf_core
    printfb.o(i.__0vprintf$bare) refers to ioutils.o(i.fputc) for fputc
    printfb.o(i.__0vprintf$bare) refers to stdout.o(.data) for __stdout
    printfb.o(i.__0vsnprintf$bare) refers to printfb.o(i._printf_core) for _printf_core
    printfb.o(i.__0vsnprintf$bare) refers to printfb.o(i._snputc) for _snputc
    printfb.o(i.__0vsprintf$bare) refers to printfb.o(i._printf_core) for _printf_core
    printfb.o(i.__0vsprintf$bare) refers to printfb.o(i._sputc) for _sputc
    printf0.o(i.__0fprintf$0) refers to printf0.o(i._printf_core) for _printf_core
    printf0.o(i.__0fprintf$0) refers to ioutils.o(i.fputc) for fputc
    printf0.o(i.__0printf$0) refers to printf0.o(i._printf_core) for _printf_core
    printf0.o(i.__0printf$0) refers to ioutils.o(i.fputc) for fputc
    printf0.o(i.__0printf$0) refers to stdout.o(.data) for __stdout
    printf0.o(i.__0snprintf$0) refers to printf0.o(i._printf_core) for _printf_core
    printf0.o(i.__0snprintf$0) refers to printf0.o(i._snputc) for _snputc
    printf0.o(i.__0sprintf$0) refers to printf0.o(i._printf_core) for _printf_core
    printf0.o(i.__0sprintf$0) refers to printf0.o(i._sputc) for _sputc
    printf0.o(i.__0vfprintf$0) refers to printf0.o(i._printf_core) for _printf_core
    printf0.o(i.__0vfprintf$0) refers to ioutils.o(i.fputc) for fputc
    printf0.o(i.__0vprintf$0) refers to printf0.o(i._printf_core) for _printf_core
    printf0.o(i.__0vprintf$0) refers to ioutils.o(i.fputc) for fputc
    printf0.o(i.__0vprintf$0) refers to stdout.o(.data) for __stdout
    printf0.o(i.__0vsnprintf$0) refers to printf0.o(i._printf_core) for _printf_core
    printf0.o(i.__0vsnprintf$0) refers to printf0.o(i._snputc) for _snputc
    printf0.o(i.__0vsprintf$0) refers to printf0.o(i._printf_core) for _printf_core
    printf0.o(i.__0vsprintf$0) refers to printf0.o(i._sputc) for _sputc
    printf1.o(i.__0fprintf$1) refers to printf1.o(i._printf_core) for _printf_core
    printf1.o(i.__0fprintf$1) refers to ioutils.o(i.fputc) for fputc
    printf1.o(i.__0printf$1) refers to printf1.o(i._printf_core) for _printf_core
    printf1.o(i.__0printf$1) refers to ioutils.o(i.fputc) for fputc
    printf1.o(i.__0printf$1) refers to stdout.o(.data) for __stdout
    printf1.o(i.__0snprintf$1) refers to printf1.o(i._printf_core) for _printf_core
    printf1.o(i.__0snprintf$1) refers to printf1.o(i._snputc) for _snputc
    printf1.o(i.__0sprintf$1) refers to printf1.o(i._printf_core) for _printf_core
    printf1.o(i.__0sprintf$1) refers to printf1.o(i._sputc) for _sputc
    printf1.o(i.__0vfprintf$1) refers to printf1.o(i._printf_core) for _printf_core
    printf1.o(i.__0vfprintf$1) refers to ioutils.o(i.fputc) for fputc
    printf1.o(i.__0vprintf$1) refers to printf1.o(i._printf_core) for _printf_core
    printf1.o(i.__0vprintf$1) refers to ioutils.o(i.fputc) for fputc
    printf1.o(i.__0vprintf$1) refers to stdout.o(.data) for __stdout
    printf1.o(i.__0vsnprintf$1) refers to printf1.o(i._printf_core) for _printf_core
    printf1.o(i.__0vsnprintf$1) refers to printf1.o(i._snputc) for _snputc
    printf1.o(i.__0vsprintf$1) refers to printf1.o(i._printf_core) for _printf_core
    printf1.o(i.__0vsprintf$1) refers to printf1.o(i._sputc) for _sputc
    printf1.o(i._printf_core) refers to uidiv.o(.text) for __aeabi_uidivmod
    printf2.o(i.__0fprintf$2) refers to printf2.o(i._printf_core) for _printf_core
    printf2.o(i.__0fprintf$2) refers to ioutils.o(i.fputc) for fputc
    printf2.o(i.__0printf$2) refers to printf2.o(i._printf_core) for _printf_core
    printf2.o(i.__0printf$2) refers to ioutils.o(i.fputc) for fputc
    printf2.o(i.__0printf$2) refers to stdout.o(.data) for __stdout
    printf2.o(i.__0snprintf$2) refers to printf2.o(i._printf_core) for _printf_core
    printf2.o(i.__0snprintf$2) refers to printf2.o(i._snputc) for _snputc
    printf2.o(i.__0sprintf$2) refers to printf2.o(i._printf_core) for _printf_core
    printf2.o(i.__0sprintf$2) refers to printf2.o(i._sputc) for _sputc
    printf2.o(i.__0vfprintf$2) refers to printf2.o(i._printf_core) for _printf_core
    printf2.o(i.__0vfprintf$2) refers to ioutils.o(i.fputc) for fputc
    printf2.o(i.__0vprintf$2) refers to printf2.o(i._printf_core) for _printf_core
    printf2.o(i.__0vprintf$2) refers to ioutils.o(i.fputc) for fputc
    printf2.o(i.__0vprintf$2) refers to stdout.o(.data) for __stdout
    printf2.o(i.__0vsnprintf$2) refers to printf2.o(i._printf_core) for _printf_core
    printf2.o(i.__0vsnprintf$2) refers to printf2.o(i._snputc) for _snputc
    printf2.o(i.__0vsprintf$2) refers to printf2.o(i._printf_core) for _printf_core
    printf2.o(i.__0vsprintf$2) refers to printf2.o(i._sputc) for _sputc
    printf3.o(i.__0fprintf$3) refers to printf3.o(i._printf_core) for _printf_core
    printf3.o(i.__0fprintf$3) refers to ioutils.o(i.fputc) for fputc
    printf3.o(i.__0printf$3) refers to printf3.o(i._printf_core) for _printf_core
    printf3.o(i.__0printf$3) refers to ioutils.o(i.fputc) for fputc
    printf3.o(i.__0printf$3) refers to stdout.o(.data) for __stdout
    printf3.o(i.__0snprintf$3) refers to printf3.o(i._printf_core) for _printf_core
    printf3.o(i.__0snprintf$3) refers to printf3.o(i._snputc) for _snputc
    printf3.o(i.__0sprintf$3) refers to printf3.o(i._printf_core) for _printf_core
    printf3.o(i.__0sprintf$3) refers to printf3.o(i._sputc) for _sputc
    printf3.o(i.__0vfprintf$3) refers to printf3.o(i._printf_core) for _printf_core
    printf3.o(i.__0vfprintf$3) refers to ioutils.o(i.fputc) for fputc
    printf3.o(i.__0vprintf$3) refers to printf3.o(i._printf_core) for _printf_core
    printf3.o(i.__0vprintf$3) refers to ioutils.o(i.fputc) for fputc
    printf3.o(i.__0vprintf$3) refers to stdout.o(.data) for __stdout
    printf3.o(i.__0vsnprintf$3) refers to printf3.o(i._printf_core) for _printf_core
    printf3.o(i.__0vsnprintf$3) refers to printf3.o(i._snputc) for _snputc
    printf3.o(i.__0vsprintf$3) refers to printf3.o(i._printf_core) for _printf_core
    printf3.o(i.__0vsprintf$3) refers to printf3.o(i._sputc) for _sputc
    printf3.o(i._printf_core) refers to uidiv.o(.text) for __aeabi_uidivmod
    printf4.o(i.__0fprintf$4) refers to printf4.o(i._printf_core) for _printf_core
    printf4.o(i.__0fprintf$4) refers to ioutils.o(i.fputc) for fputc
    printf4.o(i.__0printf$4) refers to printf4.o(i._printf_core) for _printf_core
    printf4.o(i.__0printf$4) refers to ioutils.o(i.fputc) for fputc
    printf4.o(i.__0printf$4) refers to stdout.o(.data) for __stdout
    printf4.o(i.__0snprintf$4) refers to printf4.o(i._printf_core) for _printf_core
    printf4.o(i.__0snprintf$4) refers to printf4.o(i._snputc) for _snputc
    printf4.o(i.__0sprintf$4) refers to printf4.o(i._printf_core) for _printf_core
    printf4.o(i.__0sprintf$4) refers to printf4.o(i._sputc) for _sputc
    printf4.o(i.__0vfprintf$4) refers to printf4.o(i._printf_core) for _printf_core
    printf4.o(i.__0vfprintf$4) refers to ioutils.o(i.fputc) for fputc
    printf4.o(i.__0vprintf$4) refers to printf4.o(i._printf_core) for _printf_core
    printf4.o(i.__0vprintf$4) refers to ioutils.o(i.fputc) for fputc
    printf4.o(i.__0vprintf$4) refers to stdout.o(.data) for __stdout
    printf4.o(i.__0vsnprintf$4) refers to printf4.o(i._printf_core) for _printf_core
    printf4.o(i.__0vsnprintf$4) refers to printf4.o(i._snputc) for _snputc
    printf4.o(i.__0vsprintf$4) refers to printf4.o(i._printf_core) for _printf_core
    printf4.o(i.__0vsprintf$4) refers to printf4.o(i._sputc) for _sputc
    printf4.o(i._printf_core) refers to uldiv.o(.text) for __aeabi_uldivmod
    printf5.o(i.__0fprintf$5) refers to printf5.o(i._printf_core) for _printf_core
    printf5.o(i.__0fprintf$5) refers to ioutils.o(i.fputc) for fputc
    printf5.o(i.__0printf$5) refers to printf5.o(i._printf_core) for _printf_core
    printf5.o(i.__0printf$5) refers to ioutils.o(i.fputc) for fputc
    printf5.o(i.__0printf$5) refers to stdout.o(.data) for __stdout
    printf5.o(i.__0snprintf$5) refers to printf5.o(i._printf_core) for _printf_core
    printf5.o(i.__0snprintf$5) refers to printf5.o(i._snputc) for _snputc
    printf5.o(i.__0sprintf$5) refers to printf5.o(i._printf_core) for _printf_core
    printf5.o(i.__0sprintf$5) refers to printf5.o(i._sputc) for _sputc
    printf5.o(i.__0vfprintf$5) refers to printf5.o(i._printf_core) for _printf_core
    printf5.o(i.__0vfprintf$5) refers to ioutils.o(i.fputc) for fputc
    printf5.o(i.__0vprintf$5) refers to printf5.o(i._printf_core) for _printf_core
    printf5.o(i.__0vprintf$5) refers to ioutils.o(i.fputc) for fputc
    printf5.o(i.__0vprintf$5) refers to stdout.o(.data) for __stdout
    printf5.o(i.__0vsnprintf$5) refers to printf5.o(i._printf_core) for _printf_core
    printf5.o(i.__0vsnprintf$5) refers to printf5.o(i._snputc) for _snputc
    printf5.o(i.__0vsprintf$5) refers to printf5.o(i._printf_core) for _printf_core
    printf5.o(i.__0vsprintf$5) refers to printf5.o(i._sputc) for _sputc
    printf5.o(i._printf_core) refers to uldiv.o(.text) for __aeabi_uldivmod
    printf6.o(i.__0fprintf$6) refers to printf6.o(i._printf_core) for _printf_core
    printf6.o(i.__0fprintf$6) refers to ioutils.o(i.fputc) for fputc
    printf6.o(i.__0printf$6) refers to printf6.o(i._printf_core) for _printf_core
    printf6.o(i.__0printf$6) refers to ioutils.o(i.fputc) for fputc
    printf6.o(i.__0printf$6) refers to stdout.o(.data) for __stdout
    printf6.o(i.__0snprintf$6) refers to printf6.o(i._printf_core) for _printf_core
    printf6.o(i.__0snprintf$6) refers to printf6.o(i._snputc) for _snputc
    printf6.o(i.__0sprintf$6) refers to printf6.o(i._printf_core) for _printf_core
    printf6.o(i.__0sprintf$6) refers to printf6.o(i._sputc) for _sputc
    printf6.o(i.__0vfprintf$6) refers to printf6.o(i._printf_core) for _printf_core
    printf6.o(i.__0vfprintf$6) refers to ioutils.o(i.fputc) for fputc
    printf6.o(i.__0vprintf$6) refers to printf6.o(i._printf_core) for _printf_core
    printf6.o(i.__0vprintf$6) refers to ioutils.o(i.fputc) for fputc
    printf6.o(i.__0vprintf$6) refers to stdout.o(.data) for __stdout
    printf6.o(i.__0vsnprintf$6) refers to printf6.o(i._printf_core) for _printf_core
    printf6.o(i.__0vsnprintf$6) refers to printf6.o(i._snputc) for _snputc
    printf6.o(i.__0vsprintf$6) refers to printf6.o(i._printf_core) for _printf_core
    printf6.o(i.__0vsprintf$6) refers to printf6.o(i._sputc) for _sputc
    printf6.o(i._printf_core) refers to printf6.o(i._printf_pre_padding) for _printf_pre_padding
    printf6.o(i._printf_core) refers to uidiv.o(.text) for __aeabi_uidivmod
    printf6.o(i._printf_core) refers to printf6.o(i._printf_post_padding) for _printf_post_padding
    printf7.o(i.__0fprintf$7) refers to printf7.o(i._printf_core) for _printf_core
    printf7.o(i.__0fprintf$7) refers to ioutils.o(i.fputc) for fputc
    printf7.o(i.__0printf$7) refers to printf7.o(i._printf_core) for _printf_core
    printf7.o(i.__0printf$7) refers to ioutils.o(i.fputc) for fputc
    printf7.o(i.__0printf$7) refers to stdout.o(.data) for __stdout
    printf7.o(i.__0snprintf$7) refers to printf7.o(i._printf_core) for _printf_core
    printf7.o(i.__0snprintf$7) refers to printf7.o(i._snputc) for _snputc
    printf7.o(i.__0sprintf$7) refers to printf7.o(i._printf_core) for _printf_core
    printf7.o(i.__0sprintf$7) refers to printf7.o(i._sputc) for _sputc
    printf7.o(i.__0vfprintf$7) refers to printf7.o(i._printf_core) for _printf_core
    printf7.o(i.__0vfprintf$7) refers to ioutils.o(i.fputc) for fputc
    printf7.o(i.__0vprintf$7) refers to printf7.o(i._printf_core) for _printf_core
    printf7.o(i.__0vprintf$7) refers to ioutils.o(i.fputc) for fputc
    printf7.o(i.__0vprintf$7) refers to stdout.o(.data) for __stdout
    printf7.o(i.__0vsnprintf$7) refers to printf7.o(i._printf_core) for _printf_core
    printf7.o(i.__0vsnprintf$7) refers to printf7.o(i._snputc) for _snputc
    printf7.o(i.__0vsprintf$7) refers to printf7.o(i._printf_core) for _printf_core
    printf7.o(i.__0vsprintf$7) refers to printf7.o(i._sputc) for _sputc
    printf7.o(i._printf_core) refers to printf7.o(i._printf_pre_padding) for _printf_pre_padding
    printf7.o(i._printf_core) refers to uldiv.o(.text) for __aeabi_uldivmod
    printf7.o(i._printf_core) refers to printf7.o(i._printf_post_padding) for _printf_post_padding
    printf8.o(i.__0fprintf$8) refers to printf8.o(i._printf_core) for _printf_core
    printf8.o(i.__0fprintf$8) refers to ioutils.o(i.fputc) for fputc
    printf8.o(i.__0printf$8) refers to printf8.o(i._printf_core) for _printf_core
    printf8.o(i.__0printf$8) refers to ioutils.o(i.fputc) for fputc
    printf8.o(i.__0printf$8) refers to stdout.o(.data) for __stdout
    printf8.o(i.__0snprintf$8) refers to printf8.o(i._printf_core) for _printf_core
    printf8.o(i.__0snprintf$8) refers to printf8.o(i._snputc) for _snputc
    printf8.o(i.__0sprintf$8) refers to printf8.o(i._printf_core) for _printf_core
    printf8.o(i.__0sprintf$8) refers to printf8.o(i._sputc) for _sputc
    printf8.o(i.__0vfprintf$8) refers to printf8.o(i._printf_core) for _printf_core
    printf8.o(i.__0vfprintf$8) refers to ioutils.o(i.fputc) for fputc
    printf8.o(i.__0vprintf$8) refers to printf8.o(i._printf_core) for _printf_core
    printf8.o(i.__0vprintf$8) refers to ioutils.o(i.fputc) for fputc
    printf8.o(i.__0vprintf$8) refers to stdout.o(.data) for __stdout
    printf8.o(i.__0vsnprintf$8) refers to printf8.o(i._printf_core) for _printf_core
    printf8.o(i.__0vsnprintf$8) refers to printf8.o(i._snputc) for _snputc
    printf8.o(i.__0vsprintf$8) refers to printf8.o(i._printf_core) for _printf_core
    printf8.o(i.__0vsprintf$8) refers to printf8.o(i._sputc) for _sputc
    printf8.o(i._printf_core) refers to printf8.o(i._printf_pre_padding) for _printf_pre_padding
    printf8.o(i._printf_core) refers to uldiv.o(.text) for __aeabi_uldivmod
    printf8.o(i._printf_core) refers to printf8.o(i._printf_post_padding) for _printf_post_padding
    printfa.o(i.__0fprintf) refers (Special) to iusefp.o(.text) for __I$use$fp
    printfa.o(i.__0fprintf) refers to printfa.o(i._printf_core) for _printf_core
    printfa.o(i.__0fprintf) refers to ioutils.o(i.fputc) for fputc
    printfa.o(i.__0printf) refers (Special) to iusefp.o(.text) for __I$use$fp
    printfa.o(i.__0printf) refers to printfa.o(i._printf_core) for _printf_core
    printfa.o(i.__0printf) refers to ioutils.o(i.fputc) for fputc
    printfa.o(i.__0printf) refers to stdout.o(.data) for __stdout
    printfa.o(i.__0snprintf) refers (Special) to iusefp.o(.text) for __I$use$fp
    printfa.o(i.__0snprintf) refers to printfa.o(i._printf_core) for _printf_core
    printfa.o(i.__0snprintf) refers to printfa.o(i._snputc) for _snputc
    printfa.o(i.__0sprintf) refers (Special) to iusefp.o(.text) for __I$use$fp
    printfa.o(i.__0sprintf) refers to printfa.o(i._printf_core) for _printf_core
    printfa.o(i.__0sprintf) refers to printfa.o(i._sputc) for _sputc
    printfa.o(i.__0vfprintf) refers (Special) to iusefp.o(.text) for __I$use$fp
    printfa.o(i.__0vfprintf) refers to printfa.o(i._printf_core) for _printf_core
    printfa.o(i.__0vfprintf) refers to ioutils.o(i.fputc) for fputc
    printfa.o(i.__0vprintf) refers (Special) to iusefp.o(.text) for __I$use$fp
    printfa.o(i.__0vprintf) refers to printfa.o(i._printf_core) for _printf_core
    printfa.o(i.__0vprintf) refers to ioutils.o(i.fputc) for fputc
    printfa.o(i.__0vprintf) refers to stdout.o(.data) for __stdout
    printfa.o(i.__0vsnprintf) refers (Special) to iusefp.o(.text) for __I$use$fp
    printfa.o(i.__0vsnprintf) refers to printfa.o(i._printf_core) for _printf_core
    printfa.o(i.__0vsnprintf) refers to printfa.o(i._snputc) for _snputc
    printfa.o(i.__0vsprintf) refers (Special) to iusefp.o(.text) for __I$use$fp
    printfa.o(i.__0vsprintf) refers to printfa.o(i._printf_core) for _printf_core
    printfa.o(i.__0vsprintf) refers to printfa.o(i._sputc) for _sputc
    printfa.o(i._fp_digits) refers (Special) to iusefp.o(.text) for __I$use$fp
    printfa.o(i._fp_digits) refers to dmul.o(.text) for __aeabi_dmul
    printfa.o(i._fp_digits) refers to ddiv.o(.text) for __aeabi_ddiv
    printfa.o(i._fp_digits) refers to cdrcmple.o(.text) for __aeabi_cdrcmple
    printfa.o(i._fp_digits) refers to dadd.o(.text) for __aeabi_dadd
    printfa.o(i._fp_digits) refers to dfixul.o(.text) for __aeabi_d2ulz
    printfa.o(i._fp_digits) refers to uldiv.o(.text) for __aeabi_uldivmod
    printfa.o(i._printf_core) refers (Special) to iusefp.o(.text) for __I$use$fp
    printfa.o(i._printf_core) refers to printfa.o(i._printf_pre_padding) for _printf_pre_padding
    printfa.o(i._printf_core) refers to uldiv.o(.text) for __aeabi_uldivmod
    printfa.o(i._printf_core) refers to printfa.o(i._printf_post_padding) for _printf_post_padding
    printfa.o(i._printf_core) refers to printfa.o(i._fp_digits) for _fp_digits
    printfa.o(i._printf_core) refers to uidiv.o(.text) for __aeabi_uidivmod
    printfa.o(i._printf_post_padding) refers (Special) to iusefp.o(.text) for __I$use$fp
    printfa.o(i._printf_pre_padding) refers (Special) to iusefp.o(.text) for __I$use$fp
    printfa.o(i._snputc) refers (Special) to iusefp.o(.text) for __I$use$fp
    printfa.o(i._sputc) refers (Special) to iusefp.o(.text) for __I$use$fp
    __0scanf.o(.text) refers to scanf_char_file.o(.text) for __vfscanf_char_file
    __0scanf.o(.text) refers to stdin.o(.data) for __stdin
    atoi.o(.text) refers to errno.o(i.__aeabi_errno_addr) for __aeabi_errno_addr
    atoi.o(.text) refers to strtol.o(.text) for strtol
    entry2.o(.ARM.Collect$$$$00000001) refers to entry2.o(.ARM.Collect$$$$00002712) for __lit__00000000
    entry2.o(.ARM.Collect$$$$00002712) refers to startup.o(STACK) for __initial_sp
    entry2.o(__vectab_stack_and_reset_area) refers to startup.o(STACK) for __initial_sp
    entry2.o(__vectab_stack_and_reset_area) refers to entry.o(.ARM.Collect$$$$00000000) for __main
    entry5.o(.ARM.Collect$$$$00000004) refers to init.o(.text) for __scatterload
    entry9a.o(.ARM.Collect$$$$0000000B) refers to robotmain.o(i.main) for main
    entry9b.o(.ARM.Collect$$$$0000000C) refers to robotmain.o(i.main) for main
    uldiv.o(.text) refers to llushr.o(.text) for __aeabi_llsr
    uldiv.o(.text) refers to llshl.o(.text) for __aeabi_llsl
    errno.o(i.__aeabi_errno_addr) refers to errno.o(.data) for .data
    errno.o(i.__read_errno) refers to errno.o(.data) for .data
    errno.o(i.__set_errno) refers to errno.o(.data) for .data
    strtol.o(.text) refers to ctype_o.o(.text) for __rt_ctype_table
    strtol.o(.text) refers to _strtoul.o(.text) for _strtoul
    strtol.o(.text) refers to errno.o(i.__aeabi_errno_addr) for __aeabi_errno_addr
    scanf_char_file.o(.text) refers to scanf_char.o(.text) for __vfscanf_char
    scanf_char_file.o(.text) refers to ioutils.o(i.fgetc) for fgetc
    scanf_char_file.o(.text) refers to fgetc_b.o(.text) for __backspace
    dadd.o(.text) refers to llshl.o(.text) for __aeabi_llsl
    dadd.o(.text) refers to llsshr.o(.text) for __aeabi_lasr
    dadd.o(.text) refers to depilogue.o(.text) for _double_epilogue
    dmul.o(.text) refers to depilogue.o(.text) for _double_epilogue
    ddiv.o(.text) refers to depilogue.o(.text) for _double_round
    dfixul.o(.text) refers to llushr.o(.text) for __aeabi_llsr
    dfixul.o(.text) refers to llshl.o(.text) for __aeabi_llsl
    init.o(.text) refers to entry5.o(.ARM.Collect$$$$00000004) for __main_after_scatterload
    fgetc_b.o(.text) refers (Special) to iusesemig.o(.text) for __I$use$semihosting$fgetc
    fgetc_b.o(.text) refers (Special) to semi.o(.text) for __semihosting_library_function
    fgetc_b.o(.text) refers to fgetc_b.o(.data) for .data
    fgetc_b.o(.data) refers (Special) to iusesemig.o(.text) for __I$use$semihosting$fgetc
    fgetc_b.o(.data) refers (Special) to semi.o(.text) for __semihosting_library_function
    ctype_o.o(.text) refers to ctype_o.o(.constdata) for .constdata
    ctype_o.o(.constdata) refers to ctype_o.o(.constdata) for __ctype_table
    isalnum_o.o(.text) refers to ctype_o.o(.text) for __rt_ctype_table
    isalpha_o.o(.text) refers to ctype_o.o(.text) for __rt_ctype_table
    isblank_o.o(.text) refers to ctype_o.o(.constdata) for __ctype_table
    iscntrl_o.o(.text) refers to ctype_o.o(.text) for __rt_ctype_table
    isdigit_o.o(.text) refers to ctype_o.o(.text) for __rt_ctype_table
    isgraph_o.o(.text) refers to ctype_o.o(.text) for __rt_ctype_table
    islower_o.o(.text) refers to ctype_o.o(.text) for __rt_ctype_table
    isprint_o.o(.text) refers to ctype_o.o(.text) for __rt_ctype_table
    ispunct_o.o(.text) refers to ctype_o.o(.text) for __rt_ctype_table
    isspace_o.o(.text) refers to ctype_o.o(.text) for __rt_ctype_table
    isupper_o.o(.text) refers to ctype_o.o(.text) for __rt_ctype_table
    isxdigit_o.o(.text) refers to ctype_o.o(.text) for __rt_ctype_table
    scanf_char.o(.text) refers to _scanf.o(.text) for __vfscanf
    scanf_char.o(.text) refers to isspace_o.o(.text) for isspace
    _strtoul.o(.text) refers to _chval.o(.text) for _chval
    _strtoul.o(.text) refers to errno.o(i.__aeabi_errno_addr) for __aeabi_errno_addr
    depilogue.o(.text) refers to llshl.o(.text) for __aeabi_llsl
    depilogue.o(.text) refers to llushr.o(.text) for __aeabi_llsr
    isspace_c.o(.text) refers to ctype_c.o(.text) for __ctype_lookup
    _scanf.o(.text) refers (Weak) to _scanf_str.o(.text) for _scanf_string
    ctype_c.o(.text) refers to ctype_c.o(.constdata) for .constdata


==============================================================================

Removing Unused input sections from the image.

    Removing startup.o(HEAP), (0 bytes).
    Removing uart.o(i.UART_InString), (66 bytes).
    Removing uart.o(i.UART_InUDec), (76 bytes).
    Removing uart.o(i.UART_InUHex), (104 bytes).
    Removing uart.o(i.UART_OutString), (22 bytes).
    Removing uart.o(i.UART_OutUDec), (42 bytes).
    Removing uart.o(i.UART_OutUHex), (52 bytes).
    Removing ioutils.o(i.ferror), (8 bytes).
    Removing dadd.o(.text), (334 bytes).
    Removing dmul.o(.text), (228 bytes).
    Removing ddiv.o(.text), (222 bytes).
    Removing dfixul.o(.text), (48 bytes).
    Removing cdrcmple.o(.text), (48 bytes).
    Removing depilogue.o(.text), (186 bytes).

14 unused section(s) (total 1436 bytes) removed from the image.

==============================================================================

Image Symbol Table

    Local Symbols

    Symbol Name                              Value     Ov Type        Size  Object(Section)

    RESET                                    0x00000000   Section      644  startup.o(RESET)
    ../clib/microlib/ctype/ctype.c           0x00000000   Number         0  iscntrl_o.o ABSOLUTE
    ../clib/microlib/ctype/ctype.c           0x00000000   Number         0  isgraph_o.o ABSOLUTE
    ../clib/microlib/ctype/ctype.c           0x00000000   Number         0  isdigit_o.o ABSOLUTE
    ../clib/microlib/ctype/ctype.c           0x00000000   Number         0  ctype_o.o ABSOLUTE
    ../clib/microlib/ctype/ctype.c           0x00000000   Number         0  isspace_c.o ABSOLUTE
    ../clib/microlib/ctype/ctype.c           0x00000000   Number         0  isspace_o.o ABSOLUTE
    ../clib/microlib/ctype/ctype.c           0x00000000   Number         0  isblank_o.o ABSOLUTE
    ../clib/microlib/ctype/ctype.c           0x00000000   Number         0  isalpha_o.o ABSOLUTE
    ../clib/microlib/ctype/ctype.c           0x00000000   Number         0  isalnum_o.o ABSOLUTE
    ../clib/microlib/ctype/ctype.c           0x00000000   Number         0  ctype_c.o ABSOLUTE
    ../clib/microlib/ctype/ctype.c           0x00000000   Number         0  isxdigit_o.o ABSOLUTE
    ../clib/microlib/ctype/ctype.c           0x00000000   Number         0  isupper_o.o ABSOLUTE
    ../clib/microlib/ctype/ctype.c           0x00000000   Number         0  ispunct_o.o ABSOLUTE
    ../clib/microlib/ctype/ctype.c           0x00000000   Number         0  isprint_o.o ABSOLUTE
    ../clib/microlib/ctype/ctype.c           0x00000000   Number         0  islower_o.o ABSOLUTE
    ../clib/microlib/ctype/toupper.c         0x00000000   Number         0  toupper.o ABSOLUTE
    ../clib/microlib/division.c              0x00000000   Number         0  uidiv.o ABSOLUTE
    ../clib/microlib/division.c              0x00000000   Number         0  uldiv.o ABSOLUTE
    ../clib/microlib/errno.c                 0x00000000   Number         0  errno.o ABSOLUTE
    ../clib/microlib/init/entry.s            0x00000000   Number         0  entry5.o ABSOLUTE
    ../clib/microlib/init/entry.s            0x00000000   Number         0  entry2.o ABSOLUTE
    ../clib/microlib/init/entry.s            0x00000000   Number         0  entry7b.o ABSOLUTE
    ../clib/microlib/init/entry.s            0x00000000   Number         0  entry8b.o ABSOLUTE
    ../clib/microlib/init/entry.s            0x00000000   Number         0  entry.o ABSOLUTE
    ../clib/microlib/init/entry.s            0x00000000   Number         0  entry9a.o ABSOLUTE
    ../clib/microlib/init/entry.s            0x00000000   Number         0  entry7a.o ABSOLUTE
    ../clib/microlib/init/entry.s            0x00000000   Number         0  entry9b.o ABSOLUTE
    ../clib/microlib/init/entry.s            0x00000000   Number         0  entry10a.o ABSOLUTE
    ../clib/microlib/init/entry.s            0x00000000   Number         0  entry8a.o ABSOLUTE
    ../clib/microlib/init/entry.s            0x00000000   Number         0  entry12b.o ABSOLUTE
    ../clib/microlib/init/entry.s            0x00000000   Number         0  entry12a.o ABSOLUTE
    ../clib/microlib/init/entry.s            0x00000000   Number         0  entry11b.o ABSOLUTE
    ../clib/microlib/init/entry.s            0x00000000   Number         0  entry11a.o ABSOLUTE
    ../clib/microlib/init/entry.s            0x00000000   Number         0  entry10b.o ABSOLUTE
    ../clib/microlib/longlong.c              0x00000000   Number         0  llushr.o ABSOLUTE
    ../clib/microlib/longlong.c              0x00000000   Number         0  llshl.o ABSOLUTE
    ../clib/microlib/longlong.c              0x00000000   Number         0  llsshr.o ABSOLUTE
    ../clib/microlib/printf/printf.c         0x00000000   Number         0  printfb.o ABSOLUTE
    ../clib/microlib/printf/printf.c         0x00000000   Number         0  printf4.o ABSOLUTE
    ../clib/microlib/printf/printf.c         0x00000000   Number         0  printf2.o ABSOLUTE
    ../clib/microlib/printf/printf.c         0x00000000   Number         0  printf5.o ABSOLUTE
    ../clib/microlib/printf/printf.c         0x00000000   Number         0  printf6.o ABSOLUTE
    ../clib/microlib/printf/printf.c         0x00000000   Number         0  printf8.o ABSOLUTE
    ../clib/microlib/printf/printf.c         0x00000000   Number         0  printf7.o ABSOLUTE
    ../clib/microlib/printf/printf.c         0x00000000   Number         0  printfa.o ABSOLUTE
    ../clib/microlib/printf/printf.c         0x00000000   Number         0  printf3.o ABSOLUTE
    ../clib/microlib/printf/printf.c         0x00000000   Number         0  printf1.o ABSOLUTE
    ../clib/microlib/printf/printf.c         0x00000000   Number         0  printf0.o ABSOLUTE
    ../clib/microlib/printf/stubs.s          0x00000000   Number         0  stubs.o ABSOLUTE
    ../clib/microlib/stdio/fgetc.c           0x00000000   Number         0  fgetc_b.o ABSOLUTE
    ../clib/microlib/stdio/semi.s            0x00000000   Number         0  semi.o ABSOLUTE
    ../clib/microlib/stdio/streams.c         0x00000000   Number         0  stdin.o ABSOLUTE
    ../clib/microlib/stdio/streams.c         0x00000000   Number         0  stdout.o ABSOLUTE
    ../clib/microlib/string/strcmp.c         0x00000000   Number         0  strcmp.o ABSOLUTE
    ../clib/microlib/string/strlen.c         0x00000000   Number         0  strlen.o ABSOLUTE
    ../clib/microlib/string/strncpy.c        0x00000000   Number         0  strncpy.o ABSOLUTE
    ../clib/microlib/stubs.s                 0x00000000   Number         0  iusesemig.o ABSOLUTE
    ../clib/microlib/stubs.s                 0x00000000   Number         0  iusefp.o ABSOLUTE
    ../clib/scanf.c                          0x00000000   Number         0  atoi.o ABSOLUTE
    ../clib/scanf.c                          0x00000000   Number         0  scanf_char.o ABSOLUTE
    ../clib/scanf.c                          0x00000000   Number         0  scanf_char_file.o ABSOLUTE
    ../clib/scanf.c                          0x00000000   Number         0  __0scanf.o ABSOLUTE
    ../clib/scanf.c                          0x00000000   Number         0  _strtoul.o ABSOLUTE
    ../clib/scanf.c                          0x00000000   Number         0  _scanf_str.o ABSOLUTE
    ../clib/scanf.c                          0x00000000   Number         0  _chval.o ABSOLUTE
    ../clib/scanf.c                          0x00000000   Number         0  _scanf.o ABSOLUTE
    ../clib/scanf.c                          0x00000000   Number         0  strtol.o ABSOLUTE
    ../fplib/microlib/fpadd.c                0x00000000   Number         0  dadd.o ABSOLUTE
    ../fplib/microlib/fpdiv.c                0x00000000   Number         0  ddiv.o ABSOLUTE
    ../fplib/microlib/fpepilogue.c           0x00000000   Number         0  depilogue.o ABSOLUTE
    ../fplib/microlib/fpfix.c                0x00000000   Number         0  dfixul.o ABSOLUTE
    ../fplib/microlib/fpmul.c                0x00000000   Number         0  dmul.o ABSOLUTE
    IOutils.c                                0x00000000   Number         0  ioutils.o ABSOLUTE
    PLL.c                                    0x00000000   Number         0  pll.o ABSOLUTE
    RobotCommands.c                          0x00000000   Number         0  robotcommands.o ABSOLUTE
    RobotCommands.c                          0x00000000   Number         0  robotcommands.o ABSOLUTE
    RobotMain.c                              0x00000000   Number         0  robotmain.o ABSOLUTE
    UART.c                                   0x00000000   Number         0  uart.o ABSOLUTE
    cdrcmple.s                               0x00000000   Number         0  cdrcmple.o ABSOLUTE
    dc.s                                     0x00000000   Number         0  dc.o ABSOLUTE
    handlers.s                               0x00000000   Number         0  handlers.o ABSOLUTE
    init.s                                   0x00000000   Number         0  init.o ABSOLUTE
    motor.c                                  0x00000000   Number         0  motor.o ABSOLUTE
    port.s                                   0x00000000   Number         0  port.o ABSOLUTE
    startup.s                                0x00000000   Number         0  startup.o ABSOLUTE
    sw1.c                                    0x00000000   Number         0  sw1.o ABSOLUTE
    ultrasonic.c                             0x00000000   Number         0  ultrasonic.o ABSOLUTE
    $v0                                      0x0000026c   Number         0  startup.o(RESET)
    .ARM.Collect$$$$00000000                 0x00000284   Section        0  entry.o(.ARM.Collect$$$$00000000)
    .ARM.Collect$$$$00000001                 0x00000284   Section        4  entry2.o(.ARM.Collect$$$$00000001)
    .ARM.Collect$$$$00000004                 0x00000288   Section        4  entry5.o(.ARM.Collect$$$$00000004)
    .ARM.Collect$$$$00000008                 0x0000028c   Section        0  entry7b.o(.ARM.Collect$$$$00000008)
    .ARM.Collect$$$$0000000A                 0x0000028c   Section        0  entry8b.o(.ARM.Collect$$$$0000000A)
    .ARM.Collect$$$$0000000B                 0x0000028c   Section        8  entry9a.o(.ARM.Collect$$$$0000000B)
    .ARM.Collect$$$$0000000E                 0x00000294   Section        4  entry12b.o(.ARM.Collect$$$$0000000E)
    .ARM.Collect$$$$0000000F                 0x00000298   Section        0  entry10a.o(.ARM.Collect$$$$0000000F)
    .ARM.Collect$$$$00000011                 0x00000298   Section        0  entry11a.o(.ARM.Collect$$$$00000011)
    .ARM.Collect$$$$00002712                 0x00000298   Section        4  entry2.o(.ARM.Collect$$$$00002712)
    __lit__00000000                          0x00000298   Data           4  entry2.o(.ARM.Collect$$$$00002712)
    .emb_text                                0x0000029c   Section        6  robotcommands.o(.emb_text)
    $v0                                      0x0000029c   Number         0  robotcommands.o(.emb_text)
    .text                                    0x000002a4   Section       28  startup.o(.text)
    $v0                                      0x000002a4   Number         0  startup.o(.text)
    .text                                    0x000002c0   Section      292  port.o(.text)
    $v0                                      0x000002c0   Number         0  port.o(.text)
    .text                                    0x000003e4   Section        0  toupper.o(.text)
    .text                                    0x000003f0   Section        0  strncpy.o(.text)
    .text                                    0x00000408   Section        0  strlen.o(.text)
    .text                                    0x00000416   Section        0  strcmp.o(.text)
    .text                                    0x00000434   Section        0  __0scanf.o(.text)
    .text                                    0x00000454   Section        0  _scanf_str.o(.text)
    .text                                    0x00000534   Section        0  atoi.o(.text)
    .text                                    0x0000054e   Section        0  uldiv.o(.text)
    .text                                    0x000005b0   Section        0  strtol.o(.text)
    .text                                    0x00000620   Section        0  scanf_char_file.o(.text)
    .text                                    0x00000634   Section       36  init.o(.text)
    .text                                    0x00000658   Section        0  fgetc_b.o(.text)
    .text                                    0x00000684   Section        0  llshl.o(.text)
    .text                                    0x000006a2   Section        0  llushr.o(.text)
    .text                                    0x000006c4   Section        0  ctype_o.o(.text)
    .text                                    0x000006cc   Section        0  isspace_o.o(.text)
    .text                                    0x000006e0   Section        0  scanf_char.o(.text)
    _scanf_char_input                        0x000006e1   Thumb Code    12  scanf_char.o(.text)
    .text                                    0x00000708   Section        0  _strtoul.o(.text)
    .text                                    0x000007a6   Section        0  semi.o(.text)
    .text                                    0x000007a6   Section        0  _chval.o(.text)
    .text                                    0x000007c4   Section        0  _scanf.o(.text)
    .text                                    0x00000af4   Section        0  iusesemig.o(.text)
    i.Boogie                                 0x00000af4   Section        0  robotcommands.o(i.Boogie)
    i.DelayInSeconds                         0x00000b54   Section        0  robotcommands.o(i.DelayInSeconds)
    i.DriveBackwards                         0x00000b68   Section        0  robotcommands.o(i.DriveBackwards)
    i.DriveForward                           0x00000b8a   Section        0  robotcommands.o(i.DriveForward)
    i.GPIOPortE_Handler                      0x00000bac   Section        0  motor.o(i.GPIOPortE_Handler)
    i.GPIOPortF_Handler                      0x00000c54   Section        0  sw1.o(i.GPIOPortF_Handler)
    i.Init                                   0x00000c74   Section        0  robotmain.o(i.Init)
    i.Motor_Drive_ints                       0x00000cac   Section        0  motor.o(i.Motor_Drive_ints)
    i.PLL_Init                               0x00000d04   Section        0  pll.o(i.PLL_Init)
    i.ParseCommand                           0x00000d80   Section        0  robotcommands.o(i.ParseCommand)
    i.PortB_Init                             0x00000e28   Section        0  ultrasonic.o(i.PortB_Init)
    i.PortE_Init                             0x00000ea8   Section        0  motor.o(i.PortE_Init)
    i.ReadCommand                            0x00000f84   Section        0  robotcommands.o(i.ReadCommand)
    i.SW1_Ints_On                            0x00000fe8   Section        0  sw1.o(i.SW1_Ints_On)
    i.SysTick_Handler                        0x00001068   Section        0  motor.o(i.SysTick_Handler)
    i.SysTick_Init                           0x00001140   Section        0  motor.o(i.SysTick_Init)
    i.SysTick_Uptime                         0x00001170   Section        0  motor.o(i.SysTick_Uptime)
    i.Timer0A_Handler                        0x00001204   Section        0  ultrasonic.o(i.Timer0A_Handler)
    i.Timer0A_Init                           0x00001288   Section        0  ultrasonic.o(i.Timer0A_Init)
    i.TurnLeft                               0x000012f0   Section        0  robotcommands.o(i.TurnLeft)
    i.TurnRight                              0x0000130e   Section        0  robotcommands.o(i.TurnRight)
    i.UART_InChar                            0x0000132c   Section        0  uart.o(i.UART_InChar)
    i.UART_Init                              0x00001348   Section        0  uart.o(i.UART_Init)
    i.UART_OutChar                           0x000013e0   Section        0  uart.o(i.UART_OutChar)
    i.__0printf$4                            0x000013f8   Section        0  printf4.o(i.__0printf$4)
    i.__aeabi_errno_addr                     0x00001418   Section        0  errno.o(i.__aeabi_errno_addr)
    i.__scatterload_copy                     0x00001420   Section       14  handlers.o(i.__scatterload_copy)
    i.__scatterload_null                     0x0000142e   Section        2  handlers.o(i.__scatterload_null)
    i.__scatterload_zeroinit                 0x00001430   Section       14  handlers.o(i.__scatterload_zeroinit)
    i._printf_core                           0x00001440   Section        0  printf4.o(i._printf_core)
    _printf_core                             0x00001441   Thumb Code   552  printf4.o(i._printf_core)
    i.fgetc                                  0x0000166c   Section        0  ioutils.o(i.fgetc)
    i.fputc                                  0x00001680   Section        0  ioutils.o(i.fputc)
    i.main                                   0x000016a8   Section        0  robotmain.o(i.main)
    .constdata                               0x00001770   Section      129  ctype_o.o(.constdata)
    .constdata                               0x000017f4   Section        4  ctype_o.o(.constdata)
    table                                    0x000017f4   Data           4  ctype_o.o(.constdata)
    .data                                    0x20000000   Section       16  ultrasonic.o(.data)
    triggering                               0x20000008   Data           4  ultrasonic.o(.data)
    servo_count                              0x2000000c   Data           4  ultrasonic.o(.data)
    .data                                    0x20000010   Section        4  sw1.o(.data)
    .data                                    0x20000018   Section       44  motor.o(.data)
    msec_count                               0x20000040   Data           4  motor.o(.data)
    .data                                    0x20000044   Section        4  stdin.o(.data)
    .data                                    0x20000048   Section        4  stdout.o(.data)
    .data                                    0x2000004c   Section        4  errno.o(.data)
    _errno                                   0x2000004c   Data           4  errno.o(.data)
    .data                                    0x20000050   Section        3  fgetc_b.o(.data)
    ungetc_sp                                0x20000050   Data           1  fgetc_b.o(.data)
    ungetc_stack                             0x20000051   Data           2  fgetc_b.o(.data)
    STACK                                    0x20000058   Section     1024  startup.o(STACK)
    StackMem                                 0x20000058   Data           0  startup.o(STACK)

    Global Symbols

    Symbol Name                              Value     Ov Type        Size  Object(Section)

    BuildAttributes$$THM_ISAv4$E$P$D$K$B$S$7EM$VFPi3$EXTD16$VFPS$VFMA$PE$A:L22UL41UL21$X:L11$S22US41US21$IEEE1$IW$USESV6$~STKCKD$USESV7$~SHL$OSPACE$ROPI$EBA8$MICROLIB$REQ8$PRES8$EABIv2 0x00000000   Number         0  anon$$obj.o ABSOLUTE
    __ARM_use_no_argv                        0x00000000   Number         0  robotmain.o ABSOLUTE
    __Vectors                                0x00000000   Data           0  startup.o(RESET)
    _printf_a                                0x00000000   Number         0  stubs.o ABSOLUTE
    _printf_c                                0x00000000   Number         0  stubs.o ABSOLUTE
    _printf_charcount                        0x00000000   Number         0  stubs.o ABSOLUTE
    _printf_d                                0x00000000   Number         0  stubs.o ABSOLUTE
    _printf_e                                0x00000000   Number         0  stubs.o ABSOLUTE
    _printf_f                                0x00000000   Number         0  stubs.o ABSOLUTE
    _printf_flags                            0x00000000   Number         0  stubs.o ABSOLUTE
    _printf_fp_dec                           0x00000000   Number         0  stubs.o ABSOLUTE
    _printf_fp_hex                           0x00000000   Number         0  stubs.o ABSOLUTE
    _printf_g                                0x00000000   Number         0  stubs.o ABSOLUTE
    _printf_i                                0x00000000   Number         0  stubs.o ABSOLUTE
    _printf_int_dec                          0x00000000   Number         0  stubs.o ABSOLUTE
    _printf_l                                0x00000000   Number         0  stubs.o ABSOLUTE
    _printf_lc                               0x00000000   Number         0  stubs.o ABSOLUTE
    _printf_ll                               0x00000000   Number         0  stubs.o ABSOLUTE
    _printf_lld                              0x00000000   Number         0  stubs.o ABSOLUTE
    _printf_lli                              0x00000000   Number         0  stubs.o ABSOLUTE
    _printf_llo                              0x00000000   Number         0  stubs.o ABSOLUTE
    _printf_llu                              0x00000000   Number         0  stubs.o ABSOLUTE
    _printf_llx                              0x00000000   Number         0  stubs.o ABSOLUTE
    _printf_longlong_dec                     0x00000000   Number         0  stubs.o ABSOLUTE
    _printf_longlong_hex                     0x00000000   Number         0  stubs.o ABSOLUTE
    _printf_longlong_oct                     0x00000000   Number         0  stubs.o ABSOLUTE
    _printf_ls                               0x00000000   Number         0  stubs.o ABSOLUTE
    _printf_mbtowc                           0x00000000   Number         0  stubs.o ABSOLUTE
    _printf_n                                0x00000000   Number         0  stubs.o ABSOLUTE
    _printf_o                                0x00000000   Number         0  stubs.o ABSOLUTE
    _printf_p                                0x00000000   Number         0  stubs.o ABSOLUTE
    _printf_percent                          0x00000000   Number         0  stubs.o ABSOLUTE
    _printf_pre_padding                      0x00000000   Number         0  stubs.o ABSOLUTE
    _printf_return_value                     0x00000000   Number         0  stubs.o ABSOLUTE
    _printf_s                                0x00000000   Number         0  stubs.o ABSOLUTE
    _printf_sizespec                         0x00000000   Number         0  stubs.o ABSOLUTE
    _printf_str                              0x00000000   Number         0  stubs.o ABSOLUTE
    _printf_truncate_signed                  0x00000000   Number         0  stubs.o ABSOLUTE
    _printf_truncate_unsigned                0x00000000   Number         0  stubs.o ABSOLUTE
    _printf_u                                0x00000000   Number         0  stubs.o ABSOLUTE
    _printf_wc                               0x00000000   Number         0  stubs.o ABSOLUTE
    _printf_wctomb                           0x00000000   Number         0  stubs.o ABSOLUTE
    _printf_widthprec                        0x00000000   Number         0  stubs.o ABSOLUTE
    _printf_x                                0x00000000   Number         0  stubs.o ABSOLUTE
    __arm_fini_                               - Undefined Weak Reference
    __cpp_initialize__aeabi_                  - Undefined Weak Reference
    __cxa_finalize                            - Undefined Weak Reference
    __decompress                              - Undefined Weak Reference
    _clock_init                               - Undefined Weak Reference
    _microlib_exit                            - Undefined Weak Reference
    _scanf_int                                - Undefined Weak Reference
    _scanf_longlong                           - Undefined Weak Reference
    _scanf_real                               - Undefined Weak Reference
    Reset_Handler                            0x0000026d   Thumb Code     0  startup.o(RESET)
    NMI_Handler                              0x00000271   Thumb Code     2  startup.o(RESET)
    HardFault_Handler                        0x00000273   Thumb Code     2  startup.o(RESET)
    MemManage_Handler                        0x00000275   Thumb Code     2  startup.o(RESET)
    BusFault_Handler                         0x00000277   Thumb Code     2  startup.o(RESET)
    UsageFault_Handler                       0x00000279   Thumb Code     2  startup.o(RESET)
    SVC_Handler                              0x0000027b   Thumb Code     2  startup.o(RESET)
    DebugMon_Handler                         0x0000027d   Thumb Code     2  startup.o(RESET)
    PendSV_Handler                           0x0000027f   Thumb Code     2  startup.o(RESET)
    ADC0Seq0_Handler                         0x00000283   Thumb Code     0  startup.o(RESET)
    ADC0Seq1_Handler                         0x00000283   Thumb Code     0  startup.o(RESET)
    ADC0Seq2_Handler                         0x00000283   Thumb Code     0  startup.o(RESET)
    ADC0Seq3_Handler                         0x00000283   Thumb Code     0  startup.o(RESET)
    ADC1Seq0_Handler                         0x00000283   Thumb Code     0  startup.o(RESET)
    ADC1Seq1_Handler                         0x00000283   Thumb Code     0  startup.o(RESET)
    ADC1Seq2_Handler                         0x00000283   Thumb Code     0  startup.o(RESET)
    ADC1Seq3_Handler                         0x00000283   Thumb Code     0  startup.o(RESET)
    CAN0_Handler                             0x00000283   Thumb Code     0  startup.o(RESET)
    CAN1_Handler                             0x00000283   Thumb Code     0  startup.o(RESET)
    CAN2_Handler                             0x00000283   Thumb Code     0  startup.o(RESET)
    Comp0_Handler                            0x00000283   Thumb Code     0  startup.o(RESET)
    Comp1_Handler                            0x00000283   Thumb Code     0  startup.o(RESET)
    Comp2_Handler                            0x00000283   Thumb Code     0  startup.o(RESET)
    Ethernet_Handler                         0x00000283   Thumb Code     0  startup.o(RESET)
    ExtBus_Handler                           0x00000283   Thumb Code     0  startup.o(RESET)
    FPU_Handler                              0x00000283   Thumb Code     0  startup.o(RESET)
    Fan0_Handler                             0x00000283   Thumb Code     0  startup.o(RESET)
    FlashCtl_Handler                         0x00000283   Thumb Code     0  startup.o(RESET)
    GPIOPortA_Handler                        0x00000283   Thumb Code     0  startup.o(RESET)
    GPIOPortB_Handler                        0x00000283   Thumb Code     0  startup.o(RESET)
    GPIOPortC_Handler                        0x00000283   Thumb Code     0  startup.o(RESET)
    GPIOPortD_Handler                        0x00000283   Thumb Code     0  startup.o(RESET)
    GPIOPortG_Handler                        0x00000283   Thumb Code     0  startup.o(RESET)
    GPIOPortH_Handler                        0x00000283   Thumb Code     0  startup.o(RESET)
    GPIOPortJ_Handler                        0x00000283   Thumb Code     0  startup.o(RESET)
    GPIOPortK_Handler                        0x00000283   Thumb Code     0  startup.o(RESET)
    GPIOPortL_Handler                        0x00000283   Thumb Code     0  startup.o(RESET)
    GPIOPortM_Handler                        0x00000283   Thumb Code     0  startup.o(RESET)
    GPIOPortN_Handler                        0x00000283   Thumb Code     0  startup.o(RESET)
    GPIOPortP1_Handler                       0x00000283   Thumb Code     0  startup.o(RESET)
    GPIOPortP2_Handler                       0x00000283   Thumb Code     0  startup.o(RESET)
    GPIOPortP3_Handler                       0x00000283   Thumb Code     0  startup.o(RESET)
    GPIOPortP4_Handler                       0x00000283   Thumb Code     0  startup.o(RESET)
    GPIOPortP5_Handler                       0x00000283   Thumb Code     0  startup.o(RESET)
    GPIOPortP6_Handler                       0x00000283   Thumb Code     0  startup.o(RESET)
    GPIOPortP7_Handler                       0x00000283   Thumb Code     0  startup.o(RESET)
    GPIOPortP_Handler                        0x00000283   Thumb Code     0  startup.o(RESET)
    GPIOPortQ1_Handler                       0x00000283   Thumb Code     0  startup.o(RESET)
    GPIOPortQ2_Handler                       0x00000283   Thumb Code     0  startup.o(RESET)
    GPIOPortQ3_Handler                       0x00000283   Thumb Code     0  startup.o(RESET)
    GPIOPortQ4_Handler                       0x00000283   Thumb Code     0  startup.o(RESET)
    GPIOPortQ5_Handler                       0x00000283   Thumb Code     0  startup.o(RESET)
    GPIOPortQ6_Handler                       0x00000283   Thumb Code     0  startup.o(RESET)
    GPIOPortQ7_Handler                       0x00000283   Thumb Code     0  startup.o(RESET)
    GPIOPortQ_Handler                        0x00000283   Thumb Code     0  startup.o(RESET)
    GPIOPortR_Handler                        0x00000283   Thumb Code     0  startup.o(RESET)
    GPIOPortS_Handler                        0x00000283   Thumb Code     0  startup.o(RESET)
    Hibernate_Handler                        0x00000283   Thumb Code     0  startup.o(RESET)
    I2C0_Handler                             0x00000283   Thumb Code     0  startup.o(RESET)
    I2C1_Handler                             0x00000283   Thumb Code     0  startup.o(RESET)
    I2C2_Handler                             0x00000283   Thumb Code     0  startup.o(RESET)
    I2C3_Handler                             0x00000283   Thumb Code     0  startup.o(RESET)
    I2C4_Handler                             0x00000283   Thumb Code     0  startup.o(RESET)
    I2C5_Handler                             0x00000283   Thumb Code     0  startup.o(RESET)
    I2S0_Handler                             0x00000283   Thumb Code     0  startup.o(RESET)
    LPC0_Handler                             0x00000283   Thumb Code     0  startup.o(RESET)
    PECI0_Handler                            0x00000283   Thumb Code     0  startup.o(RESET)
    PWM0Fault_Handler                        0x00000283   Thumb Code     0  startup.o(RESET)
    PWM0Generator0_Handler                   0x00000283   Thumb Code     0  startup.o(RESET)
    PWM0Generator1_Handler                   0x00000283   Thumb Code     0  startup.o(RESET)
    PWM0Generator2_Handler                   0x00000283   Thumb Code     0  startup.o(RESET)
    PWM0Generator3_Handler                   0x00000283   Thumb Code     0  startup.o(RESET)
    PWM1Fault_Handler                        0x00000283   Thumb Code     0  startup.o(RESET)
    PWM1Generator0_Handler                   0x00000283   Thumb Code     0  startup.o(RESET)
    PWM1Generator1_Handler                   0x00000283   Thumb Code     0  startup.o(RESET)
    PWM1Generator2_Handler                   0x00000283   Thumb Code     0  startup.o(RESET)
    PWM1Generator3_Handler                   0x00000283   Thumb Code     0  startup.o(RESET)
    Quadrature0_Handler                      0x00000283   Thumb Code     0  startup.o(RESET)
    Quadrature1_Handler                      0x00000283   Thumb Code     0  startup.o(RESET)
    Quadrature2_Handler                      0x00000283   Thumb Code     0  startup.o(RESET)
    SSI0_Handler                             0x00000283   Thumb Code     0  startup.o(RESET)
    SSI1_Handler                             0x00000283   Thumb Code     0  startup.o(RESET)
    SSI2_Handler                             0x00000283   Thumb Code     0  startup.o(RESET)
    SSI3_Handler                             0x00000283   Thumb Code     0  startup.o(RESET)
    SysCtl_Handler                           0x00000283   Thumb Code     0  startup.o(RESET)
    Timer0B_Handler                          0x00000283   Thumb Code     0  startup.o(RESET)
    Timer1A_Handler                          0x00000283   Thumb Code     0  startup.o(RESET)
    Timer1B_Handler                          0x00000283   Thumb Code     0  startup.o(RESET)
    Timer2A_Handler                          0x00000283   Thumb Code     0  startup.o(RESET)
    Timer2B_Handler                          0x00000283   Thumb Code     0  startup.o(RESET)
    Timer3A_Handler                          0x00000283   Thumb Code     0  startup.o(RESET)
    Timer3B_Handler                          0x00000283   Thumb Code     0  startup.o(RESET)
    Timer4A_Handler                          0x00000283   Thumb Code     0  startup.o(RESET)
    Timer4B_Handler                          0x00000283   Thumb Code     0  startup.o(RESET)
    Timer5A_Handler                          0x00000283   Thumb Code     0  startup.o(RESET)
    Timer5B_Handler                          0x00000283   Thumb Code     0  startup.o(RESET)
    UART0_Handler                            0x00000283   Thumb Code     0  startup.o(RESET)
    UART1_Handler                            0x00000283   Thumb Code     0  startup.o(RESET)
    UART2_Handler                            0x00000283   Thumb Code     0  startup.o(RESET)
    UART3_Handler                            0x00000283   Thumb Code     0  startup.o(RESET)
    UART4_Handler                            0x00000283   Thumb Code     0  startup.o(RESET)
    UART5_Handler                            0x00000283   Thumb Code     0  startup.o(RESET)
    UART6_Handler                            0x00000283   Thumb Code     0  startup.o(RESET)
    UART7_Handler                            0x00000283   Thumb Code     0  startup.o(RESET)
    USB0_Handler                             0x00000283   Thumb Code     0  startup.o(RESET)
    WDT_Handler                              0x00000283   Thumb Code     0  startup.o(RESET)
    WideTimer0A_Handler                      0x00000283   Thumb Code     0  startup.o(RESET)
    WideTimer0B_Handler                      0x00000283   Thumb Code     0  startup.o(RESET)
    WideTimer1A_Handler                      0x00000283   Thumb Code     0  startup.o(RESET)
    WideTimer1B_Handler                      0x00000283   Thumb Code     0  startup.o(RESET)
    WideTimer2A_Handler                      0x00000283   Thumb Code     0  startup.o(RESET)
    WideTimer2B_Handler                      0x00000283   Thumb Code     0  startup.o(RESET)
    WideTimer3A_Handler                      0x00000283   Thumb Code     0  startup.o(RESET)
    WideTimer3B_Handler                      0x00000283   Thumb Code     0  startup.o(RESET)
    WideTimer4A_Handler                      0x00000283   Thumb Code     0  startup.o(RESET)
    WideTimer4B_Handler                      0x00000283   Thumb Code     0  startup.o(RESET)
    WideTimer5A_Handler                      0x00000283   Thumb Code     0  startup.o(RESET)
    WideTimer5B_Handler                      0x00000283   Thumb Code     0  startup.o(RESET)
    uDMA_Error                               0x00000283   Thumb Code     0  startup.o(RESET)
    uDMA_Handler                             0x00000283   Thumb Code     0  startup.o(RESET)
    __main                                   0x00000285   Thumb Code     0  entry.o(.ARM.Collect$$$$00000000)
    _main_stk                                0x00000285   Thumb Code     0  entry2.o(.ARM.Collect$$$$00000001)
    _main_scatterload                        0x00000289   Thumb Code     0  entry5.o(.ARM.Collect$$$$00000004)
    __main_after_scatterload                 0x0000028d   Thumb Code     0  entry5.o(.ARM.Collect$$$$00000004)
    _main_clock                              0x0000028d   Thumb Code     0  entry7b.o(.ARM.Collect$$$$00000008)
    _main_cpp_init                           0x0000028d   Thumb Code     0  entry8b.o(.ARM.Collect$$$$0000000A)
    _main_init                               0x0000028d   Thumb Code     0  entry9a.o(.ARM.Collect$$$$0000000B)
    __rt_lib_shutdown_fini                   0x00000295   Thumb Code     0  entry12b.o(.ARM.Collect$$$$0000000E)
    __rt_final_cpp                           0x00000299   Thumb Code     0  entry10a.o(.ARM.Collect$$$$0000000F)
    __rt_final_exit                          0x00000299   Thumb Code     0  entry11a.o(.ARM.Collect$$$$00000011)
    Delay                                    0x0000029d   Thumb Code     6  robotcommands.o(.emb_text)
    DisableInterrupts                        0x000002a5   Thumb Code     0  startup.o(.text)
    EnableInterrupts                         0x000002a9   Thumb Code     0  startup.o(.text)
    StartCritical                            0x000002ad   Thumb Code     0  startup.o(.text)
    EndCritical                              0x000002b5   Thumb Code     0  startup.o(.text)
    WaitForInterrupt                         0x000002bb   Thumb Code     0  startup.o(.text)
    PortA_Init                               0x000002c1   Thumb Code     0  port.o(.text)
    PortF_Init                               0x00000307   Thumb Code     0  port.o(.text)
    blue_led_on                              0x0000035b   Thumb Code     0  port.o(.text)
    blue_led_off                             0x00000365   Thumb Code     0  port.o(.text)
    red_led_on                               0x0000036f   Thumb Code     0  port.o(.text)
    red_led_off                              0x00000379   Thumb Code     0  port.o(.text)
    green_led_on                             0x00000383   Thumb Code     0  port.o(.text)
    green_led_off                            0x0000038d   Thumb Code     0  port.o(.text)
    toupper                                  0x000003e5   Thumb Code    12  toupper.o(.text)
    strncpy                                  0x000003f1   Thumb Code    24  strncpy.o(.text)
    strlen                                   0x00000409   Thumb Code    14  strlen.o(.text)
    strcmp                                   0x00000417   Thumb Code    28  strcmp.o(.text)
    __0scanf                                 0x00000435   Thumb Code    26  __0scanf.o(.text)
    _scanf_string                            0x00000455   Thumb Code   224  _scanf_str.o(.text)
    atoi                                     0x00000535   Thumb Code    26  atoi.o(.text)
    __aeabi_uldivmod                         0x0000054f   Thumb Code    98  uldiv.o(.text)
    strtol                                   0x000005b1   Thumb Code   112  strtol.o(.text)
    __vfscanf_char_file                      0x00000621   Thumb Code    12  scanf_char_file.o(.text)
    __scatterload                            0x00000635   Thumb Code    28  init.o(.text)
    __scatterload_rt2                        0x00000635   Thumb Code     0  init.o(.text)
    _fgetc$bs                                0x00000659   Thumb Code    28  fgetc_b.o(.text)
    __backspace                              0x00000675   Thumb Code    10  fgetc_b.o(.text)
    __aeabi_llsl                             0x00000685   Thumb Code    30  llshl.o(.text)
    _ll_shift_l                              0x00000685   Thumb Code     0  llshl.o(.text)
    __aeabi_llsr                             0x000006a3   Thumb Code    32  llushr.o(.text)
    _ll_ushift_r                             0x000006a3   Thumb Code     0  llushr.o(.text)
    __rt_ctype_table                         0x000006c5   Thumb Code     4  ctype_o.o(.text)
    isspace                                  0x000006cd   Thumb Code    18  isspace_o.o(.text)
    __vfscanf_char                           0x000006ed   Thumb Code    20  scanf_char.o(.text)
    _strtoul                                 0x00000709   Thumb Code   158  _strtoul.o(.text)
    __semihosting_library_function           0x000007a7   Thumb Code     0  semi.o(.text)
    _chval                                   0x000007a7   Thumb Code    28  _chval.o(.text)
    __vfscanf                                0x000007c5   Thumb Code   810  _scanf.o(.text)
    Boogie                                   0x00000af5   Thumb Code    94  robotcommands.o(i.Boogie)
    __I$use$semihosting$fgetc                0x00000af5   Thumb Code     0  iusesemig.o(.text)
    DelayInSeconds                           0x00000b55   Thumb Code    16  robotcommands.o(i.DelayInSeconds)
    DriveBackwards                           0x00000b69   Thumb Code    34  robotcommands.o(i.DriveBackwards)
    DriveForward                             0x00000b8b   Thumb Code    34  robotcommands.o(i.DriveForward)
    GPIOPortE_Handler                        0x00000bad   Thumb Code   146  motor.o(i.GPIOPortE_Handler)
    GPIOPortF_Handler                        0x00000c55   Thumb Code    24  sw1.o(i.GPIOPortF_Handler)
    Init                                     0x00000c75   Thumb Code    50  robotmain.o(i.Init)
    Motor_Drive_ints                         0x00000cad   Thumb Code    58  motor.o(i.Motor_Drive_ints)
    PLL_Init                                 0x00000d05   Thumb Code   120  pll.o(i.PLL_Init)
    ParseCommand                             0x00000d81   Thumb Code   160  robotcommands.o(i.ParseCommand)
    PortB_Init                               0x00000e29   Thumb Code   108  ultrasonic.o(i.PortB_Init)
    PortE_Init                               0x00000ea9   Thumb Code   190  motor.o(i.PortE_Init)
    ReadCommand                              0x00000f85   Thumb Code    34  robotcommands.o(i.ReadCommand)
    SW1_Ints_On                              0x00000fe9   Thumb Code   116  sw1.o(i.SW1_Ints_On)
    SysTick_Handler                          0x00001069   Thumb Code   172  motor.o(i.SysTick_Handler)
    SysTick_Init                             0x00001141   Thumb Code    42  motor.o(i.SysTick_Init)
    SysTick_Uptime                           0x00001171   Thumb Code   140  motor.o(i.SysTick_Uptime)
    Timer0A_Handler                          0x00001205   Thumb Code   104  ultrasonic.o(i.Timer0A_Handler)
    Timer0A_Init                             0x00001289   Thumb Code    88  ultrasonic.o(i.Timer0A_Init)
    TurnLeft                                 0x000012f1   Thumb Code    30  robotcommands.o(i.TurnLeft)
    TurnRight                                0x0000130f   Thumb Code    30  robotcommands.o(i.TurnRight)
    UART_InChar                              0x0000132d   Thumb Code    22  uart.o(i.UART_InChar)
    UART_Init                                0x00001349   Thumb Code   132  uart.o(i.UART_Init)
    UART_OutChar                             0x000013e1   Thumb Code    20  uart.o(i.UART_OutChar)
    __0printf$4                              0x000013f9   Thumb Code    22  printf4.o(i.__0printf$4)
    __1printf$4                              0x000013f9   Thumb Code     0  printf4.o(i.__0printf$4)
    __2printf                                0x000013f9   Thumb Code     0  printf4.o(i.__0printf$4)
    __aeabi_errno_addr                       0x00001419   Thumb Code     4  errno.o(i.__aeabi_errno_addr)
    __rt_errno_addr                          0x00001419   Thumb Code     0  errno.o(i.__aeabi_errno_addr)
    __scatterload_copy                       0x00001421   Thumb Code    14  handlers.o(i.__scatterload_copy)
    __scatterload_null                       0x0000142f   Thumb Code     2  handlers.o(i.__scatterload_null)
    __scatterload_zeroinit                   0x00001431   Thumb Code    14  handlers.o(i.__scatterload_zeroinit)
    fgetc                                    0x0000166d   Thumb Code    20  ioutils.o(i.fgetc)
    fputc                                    0x00001681   Thumb Code    40  ioutils.o(i.fputc)
    main                                     0x000016a9   Thumb Code   120  robotmain.o(i.main)
    __ctype_table                            0x00001770   Data         129  ctype_o.o(.constdata)
    Region$$Table$$Base                      0x000017f8   Number         0  anon$$obj.o(Region$$Table)
    Region$$Table$$Limit                     0x00001818   Number         0  anon$$obj.o(Region$$Table)
    SERVO_DUTY                               0x20000000   Data           4  ultrasonic.o(.data)
    ULTRA_START_CONVERSION                   0x20000004   Data           4  ultrasonic.o(.data)
    SW1_Presses                              0x20000010   Data           4  sw1.o(.data)
    LTC                                      0x20000018   Data           4  motor.o(.data)
    RTC                                      0x2000001c   Data           4  motor.o(.data)
    DUTY_LEFT                                0x20000020   Data           4  motor.o(.data)
    DUTY_RIGHT                               0x20000024   Data           4  motor.o(.data)
    LEFT_RUNNING                             0x20000028   Data           4  motor.o(.data)
    RIGHT_RUNNING                            0x2000002c   Data           4  motor.o(.data)
    START_CYCLES                             0x20000030   Data           4  motor.o(.data)
    MSEC_COUNT                               0x20000038   Data           8  motor.o(.data)
    __stdin                                  0x20000044   Data           4  stdin.o(.data)
    __stdout                                 0x20000048   Data           4  stdout.o(.data)
    __initial_sp                             0x20000458   Data           0  startup.o(STACK)



==============================================================================

Memory Map of the image

  Image Entry point : 0x0000026d

  Load Region LR_1 (Base: 0x00000000, Size: 0x0000186c, Max: 0xffffffff, ABSOLUTE)

    Execution Region ER_RO (Exec base: 0x00000000, Load base: 0x00000000, Size: 0x00001818, Max: 0xffffffff, ABSOLUTE)

    Exec Addr    Load Addr    Size         Type   Attr      Idx    E Section Name        Object

    0x00000000   0x00000000   0x00000284   Code   RO            3  * RESET               startup.o
    0x00000284   0x00000284   0x00000000   Code   RO          317  * .ARM.Collect$$$$00000000  mc_w.l(entry.o)
    0x00000284   0x00000284   0x00000004   Code   RO          595    .ARM.Collect$$$$00000001  mc_w.l(entry2.o)
    0x00000288   0x00000288   0x00000004   Code   RO          598    .ARM.Collect$$$$00000004  mc_w.l(entry5.o)
    0x0000028c   0x0000028c   0x00000000   Code   RO          600    .ARM.Collect$$$$00000008  mc_w.l(entry7b.o)
    0x0000028c   0x0000028c   0x00000000   Code   RO          602    .ARM.Collect$$$$0000000A  mc_w.l(entry8b.o)
    0x0000028c   0x0000028c   0x00000008   Code   RO          603    .ARM.Collect$$$$0000000B  mc_w.l(entry9a.o)
    0x00000294   0x00000294   0x00000004   Code   RO          610    .ARM.Collect$$$$0000000E  mc_w.l(entry12b.o)
    0x00000298   0x00000298   0x00000000   Code   RO          605    .ARM.Collect$$$$0000000F  mc_w.l(entry10a.o)
    0x00000298   0x00000298   0x00000000   Code   RO          607    .ARM.Collect$$$$00000011  mc_w.l(entry11a.o)
    0x00000298   0x00000298   0x00000004   Code   RO          596    .ARM.Collect$$$$00002712  mc_w.l(entry2.o)
    0x0000029c   0x0000029c   0x00000006   Code   RO          221    .emb_text           robotcommands.o
    0x000002a2   0x000002a2   0x00000002   PAD
    0x000002a4   0x000002a4   0x0000001c   Code   RO            4    .text               startup.o
    0x000002c0   0x000002c0   0x00000124   Code   RO           34    .text               port.o
    0x000003e4   0x000003e4   0x0000000c   Code   RO          320    .text               mc_w.l(toupper.o)
    0x000003f0   0x000003f0   0x00000018   Code   RO          322    .text               mc_w.l(strncpy.o)
    0x00000408   0x00000408   0x0000000e   Code   RO          324    .text               mc_w.l(strlen.o)
    0x00000416   0x00000416   0x0000001c   Code   RO          326    .text               mc_w.l(strcmp.o)
    0x00000432   0x00000432   0x00000002   PAD
    0x00000434   0x00000434   0x00000020   Code   RO          589    .text               mc_w.l(__0scanf.o)
    0x00000454   0x00000454   0x000000e0   Code   RO          591    .text               mc_w.l(_scanf_str.o)
    0x00000534   0x00000534   0x0000001a   Code   RO          593    .text               mc_w.l(atoi.o)
    0x0000054e   0x0000054e   0x00000062   Code   RO          615    .text               mc_w.l(uldiv.o)
    0x000005b0   0x000005b0   0x00000070   Code   RO          624    .text               mc_w.l(strtol.o)
    0x00000620   0x00000620   0x00000014   Code   RO          626    .text               mc_w.l(scanf_char_file.o)
    0x00000634   0x00000634   0x00000024   Code   RO          639    .text               mc_w.l(init.o)
    0x00000658   0x00000658   0x0000002c   Code   RO          641    .text               mc_w.l(fgetc_b.o)
    0x00000684   0x00000684   0x0000001e   Code   RO          644    .text               mc_w.l(llshl.o)
    0x000006a2   0x000006a2   0x00000020   Code   RO          646    .text               mc_w.l(llushr.o)
    0x000006c2   0x000006c2   0x00000002   PAD
    0x000006c4   0x000006c4   0x00000008   Code   RO          650    .text               mc_w.l(ctype_o.o)
    0x000006cc   0x000006cc   0x00000012   Code   RO          672    .text               mc_w.l(isspace_o.o)
    0x000006de   0x000006de   0x00000002   PAD
    0x000006e0   0x000006e0   0x00000028   Code   RO          678    .text               mc_w.l(scanf_char.o)
    0x00000708   0x00000708   0x0000009e   Code   RO          680    .text               mc_w.l(_strtoul.o)
    0x000007a6   0x000007a6   0x00000000   Code   RO          684    .text               mc_w.l(semi.o)
    0x000007a6   0x000007a6   0x0000001c   Code   RO          687    .text               mc_w.l(_chval.o)
    0x000007c2   0x000007c2   0x00000002   PAD
    0x000007c4   0x000007c4   0x00000330   Code   RO          689    .text               mc_w.l(_scanf.o)
    0x00000af4   0x00000af4   0x00000000   Code   RO          691    .text               mc_w.l(iusesemig.o)
    0x00000af4   0x00000af4   0x0000005e   Code   RO          222    i.Boogie            robotcommands.o
    0x00000b52   0x00000b52   0x00000002   PAD
    0x00000b54   0x00000b54   0x00000014   Code   RO          223    i.DelayInSeconds    robotcommands.o
    0x00000b68   0x00000b68   0x00000022   Code   RO          224    i.DriveBackwards    robotcommands.o
    0x00000b8a   0x00000b8a   0x00000022   Code   RO          225    i.DriveForward      robotcommands.o
    0x00000bac   0x00000bac   0x000000a8   Code   RO          176    i.GPIOPortE_Handler  motor.o
    0x00000c54   0x00000c54   0x00000020   Code   RO          155    i.GPIOPortF_Handler  sw1.o
    0x00000c74   0x00000c74   0x00000038   Code   RO          299    i.Init              robotmain.o
    0x00000cac   0x00000cac   0x00000058   Code   RO          177    i.Motor_Drive_ints  motor.o
    0x00000d04   0x00000d04   0x0000007c   Code   RO           12    i.PLL_Init          pll.o
    0x00000d80   0x00000d80   0x000000a8   Code   RO          226    i.ParseCommand      robotcommands.o
    0x00000e28   0x00000e28   0x00000080   Code   RO          128    i.PortB_Init        ultrasonic.o
    0x00000ea8   0x00000ea8   0x000000dc   Code   RO          178    i.PortE_Init        motor.o
    0x00000f84   0x00000f84   0x00000064   Code   RO          227    i.ReadCommand       robotcommands.o
    0x00000fe8   0x00000fe8   0x00000080   Code   RO          156    i.SW1_Ints_On       sw1.o
    0x00001068   0x00001068   0x000000d8   Code   RO          179    i.SysTick_Handler   motor.o
    0x00001140   0x00001140   0x00000030   Code   RO          180    i.SysTick_Init      motor.o
    0x00001170   0x00001170   0x00000094   Code   RO          181    i.SysTick_Uptime    motor.o
    0x00001204   0x00001204   0x00000084   Code   RO          129    i.Timer0A_Handler   ultrasonic.o
    0x00001288   0x00001288   0x00000068   Code   RO          130    i.Timer0A_Init      ultrasonic.o
    0x000012f0   0x000012f0   0x0000001e   Code   RO          228    i.TurnLeft          robotcommands.o
    0x0000130e   0x0000130e   0x0000001e   Code   RO          229    i.TurnRight         robotcommands.o
    0x0000132c   0x0000132c   0x0000001c   Code   RO           37    i.UART_InChar       uart.o
    0x00001348   0x00001348   0x00000098   Code   RO           41    i.UART_Init         uart.o
    0x000013e0   0x000013e0   0x00000018   Code   RO           42    i.UART_OutChar      uart.o
    0x000013f8   0x000013f8   0x00000020   Code   RO          439    i.__0printf$4       mc_w.l(printf4.o)
    0x00001418   0x00001418   0x00000008   Code   RO          617    i.__aeabi_errno_addr  mc_w.l(errno.o)
    0x00001420   0x00001420   0x0000000e   Code   RO          697    i.__scatterload_copy  mc_w.l(handlers.o)
    0x0000142e   0x0000142e   0x00000002   Code   RO          698    i.__scatterload_null  mc_w.l(handlers.o)
    0x00001430   0x00001430   0x0000000e   Code   RO          699    i.__scatterload_zeroinit  mc_w.l(handlers.o)
    0x0000143e   0x0000143e   0x00000002   PAD
    0x00001440   0x00001440   0x0000022c   Code   RO          446    i._printf_core      mc_w.l(printf4.o)
    0x0000166c   0x0000166c   0x00000014   Code   RO          101    i.fgetc             ioutils.o
    0x00001680   0x00001680   0x00000028   Code   RO          102    i.fputc             ioutils.o
    0x000016a8   0x000016a8   0x000000c8   Code   RO          300    i.main              robotmain.o
    0x00001770   0x00001770   0x00000081   Data   RO          651    .constdata          mc_w.l(ctype_o.o)
    0x000017f1   0x000017f1   0x00000003   PAD
    0x000017f4   0x000017f4   0x00000004   Data   RO          652    .constdata          mc_w.l(ctype_o.o)
    0x000017f8   0x000017f8   0x00000020   Data   RO          695    Region$$Table       anon$$obj.o


    Execution Region ER_RW (Exec base: 0x20000000, Load base: 0x00001818, Size: 0x00000054, Max: 0xffffffff, ABSOLUTE)

    Exec Addr    Load Addr    Size         Type   Attr      Idx    E Section Name        Object

    0x20000000   0x00001818   0x00000010   Data   RW          131    .data               ultrasonic.o
    0x20000010   0x00001828   0x00000004   Data   RW          157    .data               sw1.o
    0x20000014   0x0000182c   0x00000004   PAD
    0x20000018   0x00001830   0x0000002c   Data   RW          182    .data               motor.o
    0x20000044   0x0000185c   0x00000004   Data   RW          611    .data               mc_w.l(stdin.o)
    0x20000048   0x00001860   0x00000004   Data   RW          612    .data               mc_w.l(stdout.o)
    0x2000004c   0x00001864   0x00000004   Data   RW          620    .data               mc_w.l(errno.o)
    0x20000050   0x00001868   0x00000003   Data   RW          642    .data               mc_w.l(fgetc_b.o)


    Execution Region ER_ZI (Exec base: 0x20000054, Load base: 0x0000186c, Size: 0x00000404, Max: 0xffffffff, ABSOLUTE)

    Exec Addr    Load Addr    Size         Type   Attr      Idx    E Section Name        Object

    0x20000054   0x0000186c   0x00000004   PAD
    0x20000058        -       0x00000400   Zero   RW            1    STACK               startup.o


==============================================================================

Image component sizes


      Code (inc. data)   RO Data    RW Data    ZI Data      Debug   Object Name

        60          0          0          0          0       2368   ioutils.o
       888        140          0         44          0       4836   motor.o
       124          4          0          0          0       4963   pll.o
       292         78          0          0          0        308   port.o
       516         78          0          0          0       5074   robotcommands.o
       256         86          0          0          0       1198   robotmain.o
       672        622          0          0       1024       1012   startup.o
       160         20          0          4          0       1116   sw1.o
       204         30          0          0          0       1401   uart.o
       364         64          0         16          0       2438   ultrasonic.o

    ----------------------------------------------------------------------
      3540       1122         32         68       1024      24714   Object Totals
         0          0         32          0          0          0   (incl. Generated)
         4          0          0          4          0          0   (incl. Padding)

    ----------------------------------------------------------------------

      Code (inc. data)   RO Data    RW Data    ZI Data      Debug   Library Member Name

        32          6          0          0          0         84   __0scanf.o
        28          0          0          0          0         68   _chval.o
       816          6          0          0          0        112   _scanf.o
       224          0          0          0          0         96   _scanf_str.o
       158          0          0          0          0         92   _strtoul.o
        26          0          0          0          0         80   atoi.o
         8          4        133          0          0         68   ctype_o.o
         0          0          0          0          0          0   entry.o
         0          0          0          0          0          0   entry10a.o
         0          0          0          0          0          0   entry11a.o
         4          0          0          0          0          0   entry12b.o
         8          4          0          0          0          0   entry2.o
         4          0          0          0          0          0   entry5.o
         0          0          0          0          0          0   entry7b.o
         0          0          0          0          0          0   entry8b.o
         8          4          0          0          0          0   entry9a.o
         8          4          0          4          0         68   errno.o
        44          6          0          3          0        144   fgetc_b.o
        30          0          0          0          0          0   handlers.o
        36          8          0          0          0         68   init.o
        18          0          0          0          0         76   isspace_o.o
         0          0          0          0          0          0   iusesemig.o
        30          0          0          0          0         68   llshl.o
        32          0          0          0          0         68   llushr.o
       588         14          0          0          0        184   printf4.o
        40          8          0          0          0         84   scanf_char.o
        20          8          0          0          0         68   scanf_char_file.o
         0          0          0          0          0          0   semi.o
         0          0          0          4          0          0   stdin.o
         0          0          0          4          0          0   stdout.o
        28          0          0          0          0         76   strcmp.o
        14          0          0          0          0         68   strlen.o
        24          0          0          0          0         76   strncpy.o
       112          0          0          0          0         88   strtol.o
        12          0          0          0          0         68   toupper.o
        98          0          0          0          0         92   uldiv.o

    ----------------------------------------------------------------------
      2460         72        136         16          4       1896   Library Totals
        10          0          3          1          4          0   (incl. Padding)

    ----------------------------------------------------------------------

      Code (inc. data)   RO Data    RW Data    ZI Data      Debug   Library Name

      2450         72        133         15          0       1896   mc_w.l

    ----------------------------------------------------------------------
      2460         72        136         16          4       1896   Library Totals

    ----------------------------------------------------------------------

==============================================================================


      Code (inc. data)   RO Data    RW Data    ZI Data      Debug   

      6000       1194        168         84       1028      23578   Grand Totals
      6000       1194        168         84       1028      23578   ELF Image Totals
      6000       1194        168         84          0          0   ROM Totals

==============================================================================

    Total RO  Size (Code + RO Data)                 6168 (   6.02kB)
    Total RW  Size (RW Data + ZI Data)              1112 (   1.09kB)
    Total ROM Size (Code + RO Data + RW Data)       6252 (   6.11kB)

==============================================================================

